Integral 1.9906172839506175
2 1.1214814814814815 0.5491358024691358
4 0.8691358024691359 0.5491358024691358
